
running 1 test
Input:
if(DEBUG_ENABLE) begin
    reg [31:0] dbg_User_Reg_awwaddr ;
    reg [31:0] dbg_User_Reg_awwdata ;
    reg        dbg_User_Reg_awwvalid;
    reg        dbg_User_Reg_awready;
    reg [31:0] dbg_User_Reg_araddr  ;
    reg        dbg_User_Reg_arvalid ;
    reg        dbg_User_Reg_arready ;
    reg [31:0] dbg_User_Reg_rdata   ;
    reg        dbg_User_Reg_rready  ;
    reg        dbg_User_Reg_rvalid  ;

    always @(posedge gp_clk) begin
        dbg_User_Reg_awwaddr  <= User_Reg_awwaddr ; 
        dbg_User_Reg_awwdata  <= User_Reg_awwdata ; 
        dbg_User_Reg_awwvalid <= User_Reg_awwvalid ;
        dbg_User_Reg_awwready <= User_Reg_awwready ;
        dbg_User_Reg_araddr   <= User_Reg_araddr ;  
        dbg_User_Reg_arvalid  <= User_Reg_arvalid ; 
        dbg_User_Reg_arready  <= User_Reg_arready   ;
        dbg_User_Reg_rdata    <= User_Reg_rdata ;   
        dbg_User_Reg_rready   <= User_Reg_rready ;  
        dbg_User_Reg_rvalid   <= User_Reg_rvalid ;  
    end
end

Output:
if(DEBUG_ENABLE) begin
    reg [31:0] dbg_User_Reg_awwaddr ;
    reg [31:0] dbg_User_Reg_awwdata ;
    reg        dbg_User_Reg_awwvalid;
    reg        dbg_User_Reg_awready ;
    reg [31:0] dbg_User_Reg_araddr  ;
    reg        dbg_User_Reg_arvalid ;
    reg        dbg_User_Reg_arready ;
    reg [31:0] dbg_User_Reg_rdata   ;
    reg        dbg_User_Reg_rready  ;
    reg        dbg_User_Reg_rvalid  ;


    always @(posedge gp_clk) begin
        dbg_User_Reg_awwaddr  <= User_Reg_awwaddr ;
        dbg_User_Reg_awwdata  <= User_Reg_awwdata ;
        dbg_User_Reg_awwvalid <= User_Reg_awwvalid;
        dbg_User_Reg_awwready <= User_Reg_awwready;
        dbg_User_Reg_araddr   <= User_Reg_araddr  ;
        dbg_User_Reg_arvalid  <= User_Reg_arvalid ;
        dbg_User_Reg_arready  <= User_Reg_arready ;
        dbg_User_Reg_rdata    <= User_Reg_rdata   ;
        dbg_User_Reg_rready   <= User_Reg_rready  ;
        dbg_User_Reg_rvalid   <= User_Reg_rvalid  ;
    end
end


Reg declaration lines: 10
Always assignment lines: 10
Always block semicolon positions: [50, 50, 50, 50, 50, 50, 50, 50, 50, 50]
test beautifier::tests::test_if_block_without_attribute ... ok

test result: ok. 1 passed; 0 failed; 0 ignored; 0 measured; 21 filtered out; finished in 0.56s

